// Jest Snapshot v1, https://goo.gl/fbAQLP

exports[`App link 1`] = `
<input
  placeholder="input"
  type="text"
  value=""
/>
`;
